<html>
<body>
<pre>
<h1>µVision Build Log</h1>
<h2>Tool Versions:</h2>
IDE-Version: ¦ÌVision V5.24.2.0
Copyright (C) 2017 ARM Ltd and ARM Germany GmbH. All rights reserved.
License Information: lhj lhj, lhj, LIC=HF8WF-63B9T-QHB8A-1J5DF-WYZS6-ZUVQC
 
Tool Versions:
Toolchain:       MDK-ARM Professional  Version: 5.24.1
Toolchain Path:  C:\Keil_v5\ARM\ARMCC\Bin
C Compiler:      Armcc.exe V5.06 update 5 (build 528)
Assembler:       Armasm.exe V5.06 update 5 (build 528)
Linker/Locator:  ArmLink.exe V5.06 update 5 (build 528)
Library Manager: ArmAr.exe V5.06 update 5 (build 528)
Hex Converter:   FromElf.exe V5.06 update 5 (build 528)
CPU DLL:         SARMCM3.DLL V5.24.1
Dialog DLL:      DARMCM1.DLL V1.18.0.0
Target DLL:      Segger\JL2CM3.dll V2.99.26.0
Dialog DLL:      TARMCM1.DLL V1.13.0.0
 
<h2>Project:</h2>
E:\KB\04_Code\kb_ble\kb_ble\kb_ble\arm\desktop_keyboard.uvprojx
Project File Date:  05/30/2020

<h2>Output:</h2>
*** Using Compiler 'V5.06 update 5 (build 528)', folder: 'C:\Keil_v5\ARM\ARMCC\Bin'
Rebuild target 'nRF51822_S110'
Clean started - Project: 'desktop_keyboard'
   deleting intermediate output files for target 'nRF51822_S110'
compiling main.c...
compiling ble_bas.c...
compiling ble_dis.c...
compiling ble_srv_common.c...
compiling ble_hids.c...
compiling ble_dfu.c...
compiling ble_advdata.c...
compiling ble_flash.c...
compiling softdevice_handler.c...
compiling app_scheduler.c...
compiling app_timer_appsh.c...
compiling nrf_nvmc.c...
compiling app_timer.c...
compiling ble_conn_params.c...
compiling crc16.c...
compiling pstorage.c...
compiling nrf_delay.c...
compiling device_manager_peripheral.c...
compiling bootloader_util.c...
compiling dfu_app_handler.c...
compiling nrf_assert.c...
compiling nrf_drv_common.c...
compiling m_coms.c...
compiling m_coms_ble.c...
compiling m_coms_ble_addr.c...
compiling m_coms_ble_adv.c...
compiling m_coms_ble_hid.c...
compiling m_batt_meas.c...
compiling m_pwr_and_clk_mgmt.c...
compiling m_keyboard.c...
compiling drv_keyboard_cherry8x16.c...
compiling hal_adc.c...
compiling hal_rng.c...
compiling hal_gpiote.c...
assembling arm_startup_nrf51.s...
compiling system_nrf51.c...
linking...
Program Size: Code=35884 RO-data=1768 RW-data=496 ZI-data=6264  
".\_build\desktop_keyboard_release.axf" - 0 Error(s), 0 Warning(s).

*** Performing Cross-Module-Optimization:
compiling main.c...
compiling ble_srv_common.c...
compiling ble_hids.c...
compiling ble_dfu.c...
compiling ble_flash.c...
compiling softdevice_handler.c...
compiling app_scheduler.c...
compiling nrf_nvmc.c...
compiling app_timer.c...
compiling pstorage.c...
compiling nrf_delay.c...
compiling device_manager_peripheral.c...
compiling dfu_app_handler.c...
compiling nrf_drv_common.c...
compiling m_coms.c...
compiling m_coms_ble.c...
compiling m_coms_ble_addr.c...
compiling m_coms_ble_adv.c...
compiling m_coms_ble_hid.c...
compiling m_batt_meas.c...
compiling m_pwr_and_clk_mgmt.c...
compiling m_keyboard.c...
compiling drv_keyboard_cherry8x16.c...
compiling hal_adc.c...
compiling hal_rng.c...
compiling hal_gpiote.c...
compiling system_nrf51.c...
linking...
Program Size: Code=32056 RO-data=1768 RW-data=496 ZI-data=6264  
compiling main.c...
compiling ble_srv_common.c...
compiling ble_hids.c...
compiling ble_dfu.c...
compiling ble_flash.c...
compiling softdevice_handler.c...
compiling app_scheduler.c...
compiling nrf_nvmc.c...
compiling app_timer.c...
compiling pstorage.c...
compiling nrf_delay.c...
compiling device_manager_peripheral.c...
compiling dfu_app_handler.c...
compiling nrf_drv_common.c...
compiling m_coms.c...
compiling m_coms_ble.c...
compiling m_coms_ble_addr.c...
compiling m_coms_ble_adv.c...
compiling m_coms_ble_hid.c...
compiling m_batt_meas.c...
compiling m_pwr_and_clk_mgmt.c...
compiling m_keyboard.c...
compiling drv_keyboard_cherry8x16.c...
compiling hal_adc.c...
compiling hal_rng.c...
compiling hal_gpiote.c...
compiling system_nrf51.c...
linking...
Program Size: Code=32056 RO-data=1768 RW-data=496 ZI-data=6264  
FromELF: creating hex file...
".\_build\desktop_keyboard_release.axf" - 0 Error(s), 0 Warning(s).
*** Completed Cross-Module-Optimization after 3 iteration(s).

<h2>Software Packages used:</h2>

Package Vendor: ARM
                http://www.keil.com/pack/ARM.CMSIS.5.0.1.pack
                ARM.CMSIS.5.0.1
                CMSIS (Cortex Microcontroller Software Interface Standard)
   * Component: CORE Version: 5.0.1

Package Vendor: NordicSemiconductor
                http://developer.nordicsemi.com/nRF5_SDK/pieces/nRF_DeviceFamilyPack/NordicSemiconductor.nRF_DeviceFamilyPack.8.24.1.pack
                NordicSemiconductor.nRF_DeviceFamilyPack.8.24.1
                Nordic Semiconductor nRF ARM devices Device Family Pack.
   * Component: Startup Version: 8.24.1

<h2>Collection of Component include folders:</h2>
  .\RTE\_nRF51822_S110
  C:\Keil_v5\ARM\PACK\ARM\CMSIS\5.0.1\CMSIS\Include
  C:\Keil_v5\ARM\PACK\NordicSemiconductor\nRF_DeviceFamilyPack\8.24.1\Device\Include

<h2>Collection of Component Files used:</h2>

   * Component: NordicSemiconductor::Device:Startup:8.24.1
      Source file:   Device\Source\arm\arm_startup_nrf51.s
      Include file:  Device\Include\system_nrf51.h
      Source file:   Device\Source\system_nrf51.c

   * Component: ARM::CMSIS:CORE:5.0.1
Build Time Elapsed:  00:00:29
</pre>
</body>
</html>
